Reading netlist file: "E:\Git_SHA256_src\FPGA_VERILOG_PROJECT\sha256_on_kit\impl\gwsynthesis\sha256_on_kit.vg"
Parsing netlist file "E:\Git_SHA256_src\FPGA_VERILOG_PROJECT\sha256_on_kit\impl\gwsynthesis\sha256_on_kit.vg" completed
Processing netlist completed
Reading constraint file: "E:\Git_SHA256_src\FPGA_VERILOG_PROJECT\sha256_on_kit\src\pin_out.cst"
Physical Constraint parsed completed
Running placement......
[10%] Placement Phase 0 completed
[20%] Placement Phase 1 completed
[30%] Placement Phase 2 completed
WARN  (TA1132) :  'clk' was determined to be a clock but was not created.
[50%] Placement Phase 3 completed
Running routing......
[60%] Routing Phase 0 completed
[70%] Routing Phase 1 completed
[80%] Routing Phase 2 completed
WARN  (PR1014) : Generic routing resource will be used to clock signal 'clk_d' by the specified constraint. And then it may lead to the excessive delay or skew
[90%] Routing Phase 3 completed
Running timing analysis......
[95%] Timing analysis completed
Placement and routing completed
Bitstream generation in progress......
Bitstream generation completed
Running power analysis......
[100%] Power analysis completed
Generate file "E:\Git_SHA256_src\FPGA_VERILOG_PROJECT\sha256_on_kit\impl\pnr\sha256_on_kit.power.html" completed
Generate file "E:\Git_SHA256_src\FPGA_VERILOG_PROJECT\sha256_on_kit\impl\pnr\sha256_on_kit.pin.html" completed
Generate file "E:\Git_SHA256_src\FPGA_VERILOG_PROJECT\sha256_on_kit\impl\pnr\sha256_on_kit.rpt.html" completed
Generate file "E:\Git_SHA256_src\FPGA_VERILOG_PROJECT\sha256_on_kit\impl\pnr\sha256_on_kit.rpt.txt" completed
Generate file "E:\Git_SHA256_src\FPGA_VERILOG_PROJECT\sha256_on_kit\impl\pnr\sha256_on_kit.tr.html" completed
Sun Sep 27 12:08:23 2026

